---
source: src/planarr.rs
expression: s.0
---
[
  [
    0,
    [
      {
        "Normal": "c"
      },
      {
        "Normal": "b"
      },
      {
        "Normal": "a"
      }
    ]
  ],
  [
    1,
    [
      {
        "Normal": "a"
      },
      {
        "Normal": "b"
      },
      {
        "Normal": "d"
      }
    ]
  ],
  [
    2,
    [
      {
        "Normal": "c"
      },
      {
        "Normal": "d"
      }
    ]
  ]
]
