---
source: tests/complex.rs
expression: "navmesh.as_ref().planarr_find_all_other_ends(&d5, &d6, next_pos,\ntrue).unwrap().1.collect::<Vec<_>>()"
---
[
  [
    {
      "Primal": {
        "Primitive": {
          "FixedDot": 0
        }
      }
    },
    {
      "section_idx": 5,
      "insert_pos": 0
    }
  ],
  [
    {
      "Dual": {
        "Inner": 2
      }
    },
    {
      "section_idx": 2,
      "insert_pos": 1
    }
  ],
  [
    {
      "Primal": {
        "Primitive": {
          "FixedDot": 4
        }
      }
    },
    {
      "section_idx": 3,
      "insert_pos": 0
    }
  ]
]
